---
source: crates/convd/tests/rule_provider_test.rs
expression: actual
---
payload:
    - DOMAIN,localhost
