---
source: crates/convd/tests/rule_provider_test.rs
expression: actual
---
payload:
    - DOMAIN,lin.ee
    - DOMAIN-SUFFIX,line.me
    - DOMAIN-KEYWORD,line.naver.jp
    - DOMAIN-SUFFIX,line-apps.com
    - DOMAIN-KEYWORD,line-cdn.net
