---
source: tests/server/rule_provider_test.rs
expression: actual
---
payload:
    - DOMAIN,trdy.subiway.com:8888
